> Task :app:checkKotlinGradlePluginConfigurationErrors SKIPPED
> Task :app:preBuild UP-TO-DATE
> Task :app:preModernDebugBuild UP-TO-DATE
> Task :app:checkModernDebugAarMetadata UP-TO-DATE
> Task :app:generateModernDebugResValues UP-TO-DATE
> Task :app:mapModernDebugSourceSetPaths UP-TO-DATE
> Task :app:generateModernDebugResources UP-TO-DATE
> Task :app:mergeModernDebugResources UP-TO-DATE
> Task :app:packageModernDebugResources UP-TO-DATE
> Task :app:parseModernDebugLocalResources UP-TO-DATE
> Task :app:createModernDebugCompatibleScreenManifests UP-TO-DATE
> Task :app:extractDeepLinksModernDebug UP-TO-DATE
> Task :app:processModernDebugMainManifest UP-TO-DATE
> Task :app:processModernDebugManifest UP-TO-DATE
> Task :app:processModernDebugManifestForPackage UP-TO-DATE
> Task :app:processModernDebugResources UP-TO-DATE
> Task :app:javaPreCompileModernDebug UP-TO-DATE
> Task :app:preModernDebugUnitTestBuild UP-TO-DATE
> Task :app:javaPreCompileModernDebugUnitTest UP-TO-DATE
> Task :app:mergeModernDebugShaders UP-TO-DATE
> Task :app:compileModernDebugShaders NO-SOURCE
> Task :app:generateModernDebugAssets UP-TO-DATE
> Task :app:mergeModernDebugAssets UP-TO-DATE
> Task :app:packageModernDebugUnitTestForUnitTest UP-TO-DATE
> Task :app:mergeModernDebugNativeDebugMetadata NO-SOURCE
> Task :app:generateModernDebugUnitTestConfig
> Task :app:compressModernDebugAssets UP-TO-DATE
> Task :app:checkModernDebugDuplicateClasses UP-TO-DATE
> Task :app:desugarModernDebugFileDependencies UP-TO-DATE
> Task :app:mergeExtDexModernDebug UP-TO-DATE
> Task :app:mergeLibDexModernDebug UP-TO-DATE
> Task :app:mergeModernDebugJniLibFolders UP-TO-DATE
> Task :app:mergeModernDebugNativeLibs UP-TO-DATE
> Task :app:stripModernDebugDebugSymbols UP-TO-DATE
> Task :app:validateSigningModernDebug UP-TO-DATE
> Task :app:writeModernDebugAppMetadata UP-TO-DATE
> Task :app:writeModernDebugSigningConfigVersions UP-TO-DATE
> Task :app:preModernDebugAndroidTestBuild SKIPPED
> Task :app:checkModernDebugAndroidTestAarMetadata UP-TO-DATE
> Task :app:generateModernDebugAndroidTestResValues UP-TO-DATE
> Task :app:mapModernDebugAndroidTestSourceSetPaths UP-TO-DATE
> Task :app:generateModernDebugAndroidTestResources UP-TO-DATE
> Task :app:mergeModernDebugAndroidTestResources UP-TO-DATE
> Task :app:processModernDebugAndroidTestManifest UP-TO-DATE
> Task :app:processModernDebugAndroidTestResources UP-TO-DATE
> Task :app:javaPreCompileModernDebugAndroidTest UP-TO-DATE
> Task :app:mergeModernDebugAndroidTestShaders UP-TO-DATE
> Task :app:compileModernDebugAndroidTestShaders NO-SOURCE
> Task :app:generateModernDebugAndroidTestAssets UP-TO-DATE
> Task :app:mergeModernDebugAndroidTestAssets UP-TO-DATE
> Task :app:compressModernDebugAndroidTestAssets UP-TO-DATE
> Task :app:checkModernDebugAndroidTestDuplicateClasses UP-TO-DATE
> Task :app:desugarModernDebugAndroidTestFileDependencies UP-TO-DATE
> Task :app:mergeExtDexModernDebugAndroidTest UP-TO-DATE
> Task :app:mergeLibDexModernDebugAndroidTest UP-TO-DATE
> Task :app:mergeModernDebugAndroidTestJniLibFolders UP-TO-DATE
> Task :app:mergeModernDebugAndroidTestNativeLibs NO-SOURCE
> Task :app:stripModernDebugAndroidTestDebugSymbols NO-SOURCE
> Task :app:validateSigningModernDebugAndroidTest UP-TO-DATE
> Task :app:writeModernDebugAndroidTestSigningConfigVersions UP-TO-DATE
> Task :app:compileModernDebugKotlin
> Task :app:compileModernDebugJavaWithJavac NO-SOURCE
> Task :app:bundleModernDebugClassesToCompileJar
> Task :app:processModernDebugJavaRes
> Task :app:bundleModernDebugClassesToRuntimeJar
> Task :app:compileModernDebugUnitTestKotlin
> Task :app:dexBuilderModernDebug
> Task :app:compileModernDebugUnitTestJavaWithJavac NO-SOURCE
> Task :app:processModernDebugUnitTestJavaRes UP-TO-DATE

> Task :app:testModernDebugUnitTest

HandwrittenFontReadabilityContractTest > cassetteHandwritingStillDeclaresReadableEffectiveWeights FAILED
    java.lang.AssertionError at HandwrittenFontReadabilityContractTest.kt:45

NowPlayingMixTapeToggleContractTest > currentTrackPreviewKeepsTrackListPaperStylingAndEmptyQueueFallback FAILED
    java.lang.AssertionError at NowPlayingMixTapeToggleContractTest.kt:155

SleeveInkTest > everySleeveHasThreeDistinctReadableInks FAILED
    java.lang.AssertionError at SleeveInkTest.kt:38

290 tests completed, 3 failed

> Task :app:testModernDebugUnitTest FAILED

FAILURE: Build failed with an exception.

* What went wrong:
Execution failed for task ':app:testModernDebugUnitTest'.
> There were failing tests. See the report at: file:///home/puzzleduck/x/android-mixtape/app/build/reports/tests/testModernDebugUnitTest/index.html

* Try:
> Run with --scan to get full insights.

BUILD FAILED in 2m 22s
56 actionable tasks: 8 executed, 48 up-to-date
