Starting a Gradle Daemon (subsequent builds will be faster)
> Task :app:checkKotlinGradlePluginConfigurationErrors SKIPPED
> Task :app:preBuild UP-TO-DATE
> Task :app:preModernDebugBuild UP-TO-DATE
> Task :app:checkModernDebugAarMetadata UP-TO-DATE
> Task :app:generateModernDebugResValues UP-TO-DATE
> Task :app:mapModernDebugSourceSetPaths UP-TO-DATE
> Task :app:generateModernDebugResources UP-TO-DATE
> Task :app:mergeModernDebugResources UP-TO-DATE
> Task :app:packageModernDebugResources UP-TO-DATE
> Task :app:parseModernDebugLocalResources UP-TO-DATE
> Task :app:createModernDebugCompatibleScreenManifests UP-TO-DATE
> Task :app:extractDeepLinksModernDebug UP-TO-DATE
> Task :app:processModernDebugMainManifest UP-TO-DATE
> Task :app:processModernDebugManifest UP-TO-DATE
> Task :app:processModernDebugManifestForPackage UP-TO-DATE
> Task :app:processModernDebugResources UP-TO-DATE
> Task :app:javaPreCompileModernDebug UP-TO-DATE
> Task :app:preModernDebugUnitTestBuild UP-TO-DATE
> Task :app:javaPreCompileModernDebugUnitTest UP-TO-DATE
> Task :app:mergeModernDebugShaders UP-TO-DATE
> Task :app:compileModernDebugShaders NO-SOURCE
> Task :app:generateModernDebugAssets UP-TO-DATE
> Task :app:mergeModernDebugAssets UP-TO-DATE
> Task :app:packageModernDebugUnitTestForUnitTest UP-TO-DATE
> Task :app:generateModernDebugUnitTestConfig
> Task :app:compileModernDebugKotlin
e: file:///home/puzzleduck/x/android-mixtape/app/src/modern/java/com/example/androidmixtape/ui/MixtapeApp.kt:2841:78 Unresolved reference 'CircleShape'.
e: file:///home/puzzleduck/x/android-mixtape/app/src/modern/java/com/example/androidmixtape/ui/MixtapeApp.kt:2841:139 Unresolved reference 'CircleShape'.
e: file:///home/puzzleduck/x/android-mixtape/app/src/modern/java/com/example/androidmixtape/ui/MixtapeApp.kt:2842:25 Unresolved reference 'Spacer'.

> Task :app:compileModernDebugKotlin FAILED

FAILURE: Build failed with an exception.

* What went wrong:
Execution failed for task ':app:compileModernDebugKotlin'.
> A failure occurred while executing org.jetbrains.kotlin.compilerRunner.GradleCompilerRunnerWithWorkers$GradleKotlinCompilerWorkAction
   > Compilation error. See log for more details

* Try:
> Run with --stacktrace option to get the stack trace.
> Run with --info or --debug option to get more log output.
> Run with --scan to get full insights.
> Get more help at https://help.gradle.org.

BUILD FAILED in 1m 26s
20 actionable tasks: 2 executed, 18 up-to-date
