> Task :app:checkKotlinGradlePluginConfigurationErrors SKIPPED
> Task :app:preBuild UP-TO-DATE
> Task :app:preModernDebugBuild UP-TO-DATE
> Task :app:checkModernDebugAarMetadata UP-TO-DATE
> Task :app:generateModernDebugResValues UP-TO-DATE
> Task :app:mapModernDebugSourceSetPaths UP-TO-DATE
> Task :app:generateModernDebugResources UP-TO-DATE
> Task :app:mergeModernDebugResources UP-TO-DATE
> Task :app:packageModernDebugResources UP-TO-DATE
> Task :app:parseModernDebugLocalResources UP-TO-DATE
> Task :app:createModernDebugCompatibleScreenManifests UP-TO-DATE
> Task :app:extractDeepLinksModernDebug UP-TO-DATE
> Task :app:processModernDebugMainManifest UP-TO-DATE
> Task :app:processModernDebugManifest UP-TO-DATE
> Task :app:processModernDebugManifestForPackage UP-TO-DATE
> Task :app:processModernDebugResources UP-TO-DATE
> Task :app:compileModernDebugKotlin UP-TO-DATE
> Task :app:javaPreCompileModernDebug UP-TO-DATE
> Task :app:compileModernDebugJavaWithJavac NO-SOURCE
> Task :app:bundleModernDebugClassesToCompileJar UP-TO-DATE
> Task :app:preModernDebugAndroidTestBuild SKIPPED
> Task :app:checkModernDebugAndroidTestAarMetadata UP-TO-DATE
> Task :app:generateModernDebugAndroidTestResValues UP-TO-DATE
> Task :app:mapModernDebugAndroidTestSourceSetPaths UP-TO-DATE
> Task :app:generateModernDebugAndroidTestResources UP-TO-DATE
> Task :app:mergeModernDebugAndroidTestResources UP-TO-DATE
> Task :app:processModernDebugAndroidTestManifest UP-TO-DATE
> Task :app:processModernDebugAndroidTestResources UP-TO-DATE
> Task :app:compileModernDebugAndroidTestKotlin UP-TO-DATE
> Task :app:javaPreCompileModernDebugAndroidTest UP-TO-DATE
> Task :app:compileModernDebugAndroidTestJavaWithJavac NO-SOURCE
> Task :app:mergeModernDebugShaders UP-TO-DATE
> Task :app:compileModernDebugShaders NO-SOURCE
> Task :app:generateModernDebugAssets UP-TO-DATE
> Task :app:mergeModernDebugAssets UP-TO-DATE
> Task :app:compressModernDebugAssets UP-TO-DATE
> Task :app:checkModernDebugDuplicateClasses UP-TO-DATE
> Task :app:desugarModernDebugFileDependencies UP-TO-DATE
> Task :app:mergeExtDexModernDebug UP-TO-DATE
> Task :app:mergeLibDexModernDebug UP-TO-DATE
> Task :app:dexBuilderModernDebug UP-TO-DATE
> Task :app:mergeModernDebugGlobalSynthetics UP-TO-DATE
> Task :app:processModernDebugJavaRes UP-TO-DATE
> Task :app:mergeModernDebugJavaResource UP-TO-DATE
> Task :app:mergeProjectDexModernDebug UP-TO-DATE
> Task :app:mergeModernDebugJniLibFolders UP-TO-DATE
> Task :app:mergeModernDebugNativeLibs UP-TO-DATE
> Task :app:stripModernDebugDebugSymbols UP-TO-DATE
> Task :app:validateSigningModernDebug UP-TO-DATE
> Task :app:writeModernDebugAppMetadata UP-TO-DATE
> Task :app:writeModernDebugSigningConfigVersions UP-TO-DATE
> Task :app:packageModernDebug UP-TO-DATE
> Task :app:createModernDebugApkListingFileRedirect UP-TO-DATE
> Task :app:mergeModernDebugAndroidTestShaders UP-TO-DATE
> Task :app:compileModernDebugAndroidTestShaders NO-SOURCE
> Task :app:generateModernDebugAndroidTestAssets UP-TO-DATE
> Task :app:mergeModernDebugAndroidTestAssets UP-TO-DATE
> Task :app:compressModernDebugAndroidTestAssets UP-TO-DATE
> Task :app:checkModernDebugAndroidTestDuplicateClasses UP-TO-DATE
> Task :app:desugarModernDebugAndroidTestFileDependencies UP-TO-DATE
> Task :app:mergeExtDexModernDebugAndroidTest UP-TO-DATE
> Task :app:mergeLibDexModernDebugAndroidTest UP-TO-DATE
> Task :app:dexBuilderModernDebugAndroidTest UP-TO-DATE
> Task :app:mergeModernDebugAndroidTestGlobalSynthetics UP-TO-DATE
> Task :app:processModernDebugAndroidTestJavaRes UP-TO-DATE
> Task :app:mergeModernDebugAndroidTestJavaResource UP-TO-DATE
> Task :app:mergeProjectDexModernDebugAndroidTest UP-TO-DATE
> Task :app:mergeModernDebugAndroidTestJniLibFolders UP-TO-DATE
> Task :app:mergeModernDebugAndroidTestNativeLibs NO-SOURCE
> Task :app:stripModernDebugAndroidTestDebugSymbols NO-SOURCE
> Task :app:validateSigningModernDebugAndroidTest UP-TO-DATE
> Task :app:writeModernDebugAndroidTestSigningConfigVersions UP-TO-DATE
> Task :app:packageModernDebugAndroidTest UP-TO-DATE
> Task :app:createModernDebugAndroidTestApkListingFileRedirect UP-TO-DATE
[EmulatorConsole]: Failed to start Emulator console for 5554

> Task :app:connectedModernDebugAndroidTest
Starting 1 tests on emulator-5554 - 7.0

Finished 1 tests on emulator-5554 - 7.0

BUILD SUCCESSFUL in 31s
63 actionable tasks: 1 executed, 62 up-to-date
