To honour the JVM settings for this build a single-use Daemon process will be forked. For more on this, please refer to https://docs.gradle.org/8.10.2/userguide/gradle_daemon.html#sec:disabling_the_daemon in the Gradle documentation.
Daemon will be stopped at the end of the build 

> Configure project :app
WARNING: The option setting 'android.ndk.suppressMinSdkVersionError=21' is experimental.

> Task :app:checkKotlinGradlePluginConfigurationErrors SKIPPED
> Task :app:preBuild UP-TO-DATE
> Task :app:preModernDebugBuild UP-TO-DATE
> Task :app:checkModernDebugAarMetadata UP-TO-DATE
> Task :app:generateModernDebugResValues UP-TO-DATE
> Task :app:mapModernDebugSourceSetPaths UP-TO-DATE
> Task :app:generateModernDebugResources UP-TO-DATE
> Task :app:mergeModernDebugResources UP-TO-DATE
> Task :app:packageModernDebugResources UP-TO-DATE
> Task :app:parseModernDebugLocalResources UP-TO-DATE
> Task :app:createModernDebugCompatibleScreenManifests UP-TO-DATE
> Task :app:extractDeepLinksModernDebug UP-TO-DATE
> Task :app:processModernDebugMainManifest UP-TO-DATE
> Task :app:processModernDebugManifest UP-TO-DATE
> Task :app:processModernDebugManifestForPackage UP-TO-DATE
> Task :app:processModernDebugResources UP-TO-DATE
> Task :app:compileModernDebugKotlin UP-TO-DATE
> Task :app:javaPreCompileModernDebug UP-TO-DATE
> Task :app:compileModernDebugJavaWithJavac NO-SOURCE
> Task :app:bundleModernDebugClassesToRuntimeJar UP-TO-DATE
> Task :app:bundleModernDebugClassesToCompileJar UP-TO-DATE
> Task :app:compileModernDebugUnitTestKotlin UP-TO-DATE
> Task :app:preModernDebugUnitTestBuild UP-TO-DATE
> Task :app:javaPreCompileModernDebugUnitTest UP-TO-DATE
> Task :app:compileModernDebugUnitTestJavaWithJavac NO-SOURCE
> Task :app:mergeModernDebugShaders UP-TO-DATE
> Task :app:compileModernDebugShaders NO-SOURCE
> Task :app:generateModernDebugAssets UP-TO-DATE
> Task :app:mergeModernDebugAssets UP-TO-DATE
> Task :app:packageModernDebugUnitTestForUnitTest UP-TO-DATE
> Task :app:generateModernDebugUnitTestConfig UP-TO-DATE
> Task :app:processModernDebugJavaRes UP-TO-DATE
> Task :app:processModernDebugUnitTestJavaRes UP-TO-DATE
> Task :app:testModernDebugUnitTest UP-TO-DATE
> Task :app:preLegacyDebugBuild UP-TO-DATE
> Task :app:checkLegacyDebugAarMetadata UP-TO-DATE
> Task :app:generateLegacyDebugResValues UP-TO-DATE
> Task :app:mapLegacyDebugSourceSetPaths UP-TO-DATE
> Task :app:generateLegacyDebugResources UP-TO-DATE
> Task :app:mergeLegacyDebugResources UP-TO-DATE
> Task :app:packageLegacyDebugResources UP-TO-DATE
> Task :app:parseLegacyDebugLocalResources UP-TO-DATE
> Task :app:createLegacyDebugCompatibleScreenManifests UP-TO-DATE
> Task :app:extractDeepLinksLegacyDebug UP-TO-DATE
> Task :app:processLegacyDebugMainManifest UP-TO-DATE
> Task :app:processLegacyDebugManifest UP-TO-DATE
> Task :app:processLegacyDebugManifestForPackage UP-TO-DATE
> Task :app:processLegacyDebugResources UP-TO-DATE
> Task :app:compileLegacyDebugKotlin UP-TO-DATE
> Task :app:javaPreCompileLegacyDebug UP-TO-DATE
> Task :app:compileLegacyDebugJavaWithJavac NO-SOURCE
> Task :app:bundleLegacyDebugClassesToRuntimeJar UP-TO-DATE
> Task :app:bundleLegacyDebugClassesToCompileJar UP-TO-DATE
> Task :app:compileLegacyDebugUnitTestKotlin UP-TO-DATE
> Task :app:preLegacyDebugUnitTestBuild UP-TO-DATE
> Task :app:javaPreCompileLegacyDebugUnitTest UP-TO-DATE
> Task :app:compileLegacyDebugUnitTestJavaWithJavac NO-SOURCE
> Task :app:mergeLegacyDebugShaders UP-TO-DATE
> Task :app:compileLegacyDebugShaders NO-SOURCE
> Task :app:generateLegacyDebugAssets UP-TO-DATE
> Task :app:mergeLegacyDebugAssets UP-TO-DATE
> Task :app:packageLegacyDebugUnitTestForUnitTest UP-TO-DATE
> Task :app:generateLegacyDebugUnitTestConfig UP-TO-DATE
> Task :app:processLegacyDebugJavaRes UP-TO-DATE
> Task :app:processLegacyDebugUnitTestJavaRes UP-TO-DATE
> Task :app:testLegacyDebugUnitTest UP-TO-DATE
> Task :app:mergeModernDebugNativeDebugMetadata NO-SOURCE
> Task :app:compressModernDebugAssets UP-TO-DATE
> Task :app:checkModernDebugDuplicateClasses UP-TO-DATE
> Task :app:desugarModernDebugFileDependencies UP-TO-DATE
> Task :app:mergeExtDexModernDebug UP-TO-DATE
> Task :app:mergeLibDexModernDebug UP-TO-DATE
> Task :app:dexBuilderModernDebug UP-TO-DATE
> Task :app:mergeModernDebugGlobalSynthetics UP-TO-DATE
> Task :app:mergeModernDebugJavaResource UP-TO-DATE
> Task :app:mergeProjectDexModernDebug UP-TO-DATE
> Task :app:configureCMakeDebug[arm64-v8a]
> Task :app:buildCMakeDebug[arm64-v8a]
> Task :app:mergeModernDebugJniLibFolders UP-TO-DATE
> Task :app:mergeModernDebugNativeLibs UP-TO-DATE
> Task :app:stripModernDebugDebugSymbols UP-TO-DATE
> Task :app:validateSigningModernDebug UP-TO-DATE
> Task :app:writeModernDebugAppMetadata UP-TO-DATE
> Task :app:writeModernDebugSigningConfigVersions UP-TO-DATE
> Task :app:packageModernDebug UP-TO-DATE
> Task :app:createModernDebugApkListingFileRedirect UP-TO-DATE
> Task :app:assembleModernDebug UP-TO-DATE

BUILD SUCCESSFUL in 2m 9s
71 actionable tasks: 2 executed, 69 up-to-date
