# Card 2479 Running Kunlun emulator install/launch
List of devices attached
21e098e8               device usb:5-2 product:rossaltedv model:SM_G360G device:rossaltexsa transport_id:2
emulator-5554          device product:sdk_google_phone_x86_64 model:Android_SDK_built_for_x86_64 device:generic_x86_64 transport_id:8

boot=1
sdk=24
abi=x86_64
Filesystem      Size  Used Avail Use% Mounted on
/dev/block/dm-0 5.8G  1.9G  3.8G  33% /data
-rw-rw-r-- 1 puzzleduck puzzleduck 802M Jul  9 21:18 /tmp/card2479-app-modern-debug.apk
/tmp/card2479-app-modern-debug.apk: 1 file pushed, 0 skipped. 123.9 MB/s (840843922 bytes in 6.472s)
Performing Push Install
Success
Events injected: 1
## Network stats: elapsed time=34ms (0ms mobile, 0ms wifi, 34ms not connected)
focus:
  mCurrentFocus=Window{749c669 u0 com.example.androidmixtape/com.example.androidmixtape.MainActivity}
  mFocusedApp=AppWindowToken{ea68751 token=Token{64871db ActivityRecord{8d39aea u0 com.example.androidmixtape/.MainActivity t60}}}
pid=22968
recent AndroidRuntime fatal check:
07-09 21:18:50.505 22808 22808 D AndroidRuntime: >>>>>> START com.android.internal.os.RuntimeInit uid 2000 <<<<<<
07-09 21:18:50.550 22808 22808 D AndroidRuntime: CheckJNI is OFF
07-09 21:18:50.852 22808 22808 D AndroidRuntime: Calling main entry com.android.commands.pm.Pm
07-09 21:19:07.711 22808 22808 I AndroidRuntime: VM exiting with result code 0.
07-09 21:19:08.366 22892 22892 D AndroidRuntime: >>>>>> START com.android.internal.os.RuntimeInit uid 2000 <<<<<<
07-09 21:19:08.376 22892 22892 D AndroidRuntime: CheckJNI is OFF
07-09 21:19:08.505 22892 22892 D AndroidRuntime: Calling main entry com.android.commands.pm.Pm
07-09 21:19:08.539 22892 22892 I AndroidRuntime: VM exiting with result code 0.
07-09 21:19:08.673 22948 22948 D AndroidRuntime: >>>>>> START com.android.internal.os.RuntimeInit uid 2000 <<<<<<
07-09 21:19:08.673 22948 22948 D AndroidRuntime: CheckJNI is OFF
07-09 21:19:08.710 22948 22948 D AndroidRuntime: Calling main entry com.android.commands.input.Input
07-09 21:19:08.730 22948 22948 D AndroidRuntime: Shutting down VM
07-09 21:19:08.835 22958 22958 D AndroidRuntime: >>>>>> START com.android.internal.os.RuntimeInit uid 2000 <<<<<<
07-09 21:19:08.836 22958 22958 D AndroidRuntime: CheckJNI is OFF
07-09 21:19:08.868 22958 22958 D AndroidRuntime: Calling main entry com.android.commands.monkey.Monkey
07-09 21:19:09.143 22958 22958 I AndroidRuntime: VM exiting with result code 0.
# Card 2479 Running Kunlun emulator screenshot/fatal recheck
  mCurrentFocus=Window{749c669 u0 com.example.androidmixtape/com.example.androidmixtape.MainActivity}
  mFocusedApp=AppWindowToken{ea68751 token=Token{64871db ActivityRecord{8d39aea u0 com.example.androidmixtape/.MainActivity t60}}}
pid=22968
fatal AndroidRuntime check:
-rw-rw-r-- 1 puzzleduck puzzleduck 72K Jul  9 21:19 /tmp/card2479-running-emulator-phone-ui.png
