+ ADB=/home/puzzleduck/Android/Sdk/platform-tools/adb
+ APK=/tmp/card2479-rework-app-modern-debug.apk
+ /home/puzzleduck/Android/Sdk/platform-tools/adb -s emulator-5554 wait-for-device
+ /home/puzzleduck/Android/Sdk/platform-tools/adb -s emulator-5554 shell getprop sys.boot_completed
1
+ /home/puzzleduck/Android/Sdk/platform-tools/adb -s emulator-5554 shell getprop ro.product.cpu.abi
x86_64
+ /home/puzzleduck/Android/Sdk/platform-tools/adb -s emulator-5554 shell getprop ro.build.version.sdk
24
+ ls -lh /tmp/card2479-rework-app-modern-debug.apk
-rw-rw-r-- 1 puzzleduck puzzleduck 801M Jul  9 22:05 /tmp/card2479-rework-app-modern-debug.apk
+ /home/puzzleduck/Android/Sdk/platform-tools/adb -s emulator-5554 shell df -h /data
Filesystem      Size  Used Avail Use% Mounted on
/dev/block/dm-0 5.8G  1.9G  3.8G  33% /data
+ /home/puzzleduck/Android/Sdk/platform-tools/adb -s emulator-5554 install -r --no-streaming /tmp/card2479-rework-app-modern-debug.apk
/tmp/card2479-rework-app-modern-debug.apk: 1 file pushed, 0 skipped. 61.8 MB/s (839875457 bytes in 12.962s)
Performing Push Install
Success
+ /home/puzzleduck/Android/Sdk/platform-tools/adb -s emulator-5554 shell pm grant com.example.androidmixtape android.permission.READ_EXTERNAL_STORAGE
+ /home/puzzleduck/Android/Sdk/platform-tools/adb -s emulator-5554 shell input keyevent WAKEUP
+ /home/puzzleduck/Android/Sdk/platform-tools/adb -s emulator-5554 shell monkey -p com.example.androidmixtape -c android.intent.category.LAUNCHER 1
Events injected: 1
## Network stats: elapsed time=60ms (0ms mobile, 0ms wifi, 60ms not connected)
+ sleep 3
+ /home/puzzleduck/Android/Sdk/platform-tools/adb -s emulator-5554 shell dumpsys window windows
+ grep -E 'mCurrentFocus|mFocusedApp'
+ head -5
  mCurrentFocus=Window{e5b8ea3 u0 com.example.androidmixtape/com.example.androidmixtape.MainActivity}
  mFocusedApp=AppWindowToken{c854c17 token=Token{c2c7bb1 ActivityRecord{78ee58 u0 com.example.androidmixtape/.MainActivity t62}}}
23808
+ /home/puzzleduck/Android/Sdk/platform-tools/adb -s emulator-5554 shell pidof com.example.androidmixtape
+ /home/puzzleduck/Android/Sdk/platform-tools/adb -s emulator-5554 logcat -d -t 300
+ grep -E 'FATAL EXCEPTION|AndroidRuntime'
07-09 21:52:22.668 23601 23601 D AndroidRuntime: >>>>>> START com.android.internal.os.RuntimeInit uid 2000 <<<<<<
07-09 21:52:22.670 23601 23601 D AndroidRuntime: CheckJNI is OFF
07-09 21:52:22.726 23601 23601 D AndroidRuntime: Calling main entry com.android.commands.input.Input
07-09 21:52:22.728 23601 23601 D AndroidRuntime: Shutting down VM
07-09 22:05:42.094 23694 23694 D AndroidRuntime: >>>>>> START com.android.internal.os.RuntimeInit uid 2000 <<<<<<
07-09 22:05:42.095 23694 23694 D AndroidRuntime: CheckJNI is OFF
07-09 22:05:42.129 23694 23694 D AndroidRuntime: Calling main entry com.android.commands.pm.Pm
07-09 22:05:54.399 23694 23694 I AndroidRuntime: VM exiting with result code 0.
07-09 22:05:54.991 23732 23732 D AndroidRuntime: >>>>>> START com.android.internal.os.RuntimeInit uid 2000 <<<<<<
07-09 22:05:54.999 23732 23732 D AndroidRuntime: CheckJNI is OFF
07-09 22:05:55.535 23732 23732 D AndroidRuntime: Calling main entry com.android.commands.pm.Pm
07-09 22:05:55.559 23732 23732 I AndroidRuntime: VM exiting with result code 0.
07-09 22:05:55.661 23787 23787 D AndroidRuntime: >>>>>> START com.android.internal.os.RuntimeInit uid 2000 <<<<<<
07-09 22:05:55.662 23787 23787 D AndroidRuntime: CheckJNI is OFF
07-09 22:05:55.708 23787 23787 D AndroidRuntime: Calling main entry com.android.commands.input.Input
07-09 22:05:55.712 23787 23787 D AndroidRuntime: Shutting down VM
07-09 22:05:55.805 23797 23797 D AndroidRuntime: >>>>>> START com.android.internal.os.RuntimeInit uid 2000 <<<<<<
07-09 22:05:55.806 23797 23797 D AndroidRuntime: CheckJNI is OFF
07-09 22:05:55.831 23797 23797 D AndroidRuntime: Calling main entry com.android.commands.monkey.Monkey
07-09 22:05:56.023 23797 23797 I AndroidRuntime: VM exiting with result code 0.
no-fatal-exception-in-last-300-lines
