Starting a Gradle Daemon, 3 stopped Daemons could not be reused, use --status for details
> Task :app:checkKotlinGradlePluginConfigurationErrors SKIPPED
> Task :app:preBuild UP-TO-DATE
> Task :app:preModernDebugBuild UP-TO-DATE
> Task :app:generateModernDebugResValues
> Task :app:checkModernDebugAarMetadata
> Task :app:mapModernDebugSourceSetPaths
> Task :app:generateModernDebugResources
> Task :app:packageModernDebugResources
> Task :app:mergeModernDebugResources
> Task :app:createModernDebugCompatibleScreenManifests
> Task :app:extractDeepLinksModernDebug
> Task :app:parseModernDebugLocalResources
> Task :app:processModernDebugMainManifest
> Task :app:processModernDebugManifest
> Task :app:processModernDebugManifestForPackage
> Task :app:javaPreCompileModernDebug
> Task :app:preModernDebugUnitTestBuild UP-TO-DATE
> Task :app:javaPreCompileModernDebugUnitTest
> Task :app:mergeModernDebugShaders
> Task :app:compileModernDebugShaders NO-SOURCE
> Task :app:generateModernDebugAssets UP-TO-DATE
> Task :app:mergeModernDebugAssets
> Task :app:mergeModernDebugNativeDebugMetadata NO-SOURCE
> Task :app:compressModernDebugAssets
> Task :app:desugarModernDebugFileDependencies
> Task :app:mergeModernDebugJniLibFolders
> Task :app:checkModernDebugDuplicateClasses
> Task :app:mergeModernDebugNativeLibs
> Task :app:mergeLibDexModernDebug
> Task :app:validateSigningModernDebug
> Task :app:writeModernDebugAppMetadata
> Task :app:writeModernDebugSigningConfigVersions
> Task :app:preModernDebugAndroidTestBuild SKIPPED
> Task :app:stripModernDebugDebugSymbols
> Task :app:processModernDebugResources
> Task :app:checkModernDebugAndroidTestAarMetadata
> Task :app:packageModernDebugUnitTestForUnitTest
> Task :app:generateModernDebugAndroidTestResValues
> Task :app:generateModernDebugUnitTestConfig
> Task :app:mapModernDebugAndroidTestSourceSetPaths
> Task :app:generateModernDebugAndroidTestResources
> Task :app:processModernDebugAndroidTestManifest
> Task :app:javaPreCompileModernDebugAndroidTest
> Task :app:mergeModernDebugAndroidTestShaders
> Task :app:compileModernDebugAndroidTestShaders NO-SOURCE
> Task :app:generateModernDebugAndroidTestAssets UP-TO-DATE
> Task :app:mergeModernDebugAndroidTestResources
> Task :app:mergeModernDebugAndroidTestAssets
> Task :app:compressModernDebugAndroidTestAssets
> Task :app:processModernDebugAndroidTestResources
> Task :app:checkModernDebugAndroidTestDuplicateClasses
> Task :app:desugarModernDebugAndroidTestFileDependencies
> Task :app:mergeExtDexModernDebugAndroidTest
> Task :app:mergeModernDebugAndroidTestJniLibFolders
> Task :app:mergeLibDexModernDebugAndroidTest
> Task :app:mergeModernDebugAndroidTestNativeLibs NO-SOURCE
> Task :app:stripModernDebugAndroidTestDebugSymbols NO-SOURCE
> Task :app:validateSigningModernDebugAndroidTest
> Task :app:writeModernDebugAndroidTestSigningConfigVersions
> Task :app:mergeExtDexModernDebug
> Task :app:compileModernDebugKotlin
w: file:///home/puzzleduck/x/android-mixtape/.work/card-4834/back-fix/tree/app/src/main/java/com/example/androidmixtape/playback/CounterWheelState.kt:4:30 Non-public primary constructor is exposed via the generated 'copy()' method of the 'data' class.

The generated 'copy()' will change its visibility in future releases.

To suppress the warning do one of the following:
- Annotate the data class with the '@ConsistentCopyVisibility' annotation.
- Use the '-Xconsistent-data-class-copy-visibility' compiler flag.
- Annotate the data class with the '@ExposedCopyVisibility' annotation 
  (Discouraged, but can be used to keep binary compatibility).

To learn more, see the documentation of the '@ConsistentCopyVisibility' and '@ExposedCopyVisibility' annotations.

This will become an error in Kotlin 2.1.
w: file:///home/puzzleduck/x/android-mixtape/.work/card-4834/back-fix/tree/app/src/main/java/com/example/androidmixtape/playback/TransportCuePlayer.kt:56:25 'constructor(p0: Int, p1: Int, p2: Int, p3: Int, p4: Int, p5: Int): AudioTrack' is deprecated. Deprecated in Java.
w: file:///home/puzzleduck/x/android-mixtape/.work/card-4834/back-fix/tree/app/src/modern/java/com/example/androidmixtape/playback/MixtapeMediaLibraryService.kt:97:67 'val sessionCompatToken: MediaSessionCompat.Token' is deprecated. Deprecated in Java.

> Task :app:compileModernDebugJavaWithJavac NO-SOURCE
> Task :app:bundleModernDebugClassesToCompileJar
> Task :app:bundleModernDebugClassesToRuntimeJar
> Task :app:processModernDebugJavaRes
> Task :app:compileModernDebugUnitTestKotlin
> Task :app:dexBuilderModernDebug
> Task :app:mergeModernDebugGlobalSynthetics
> Task :app:mergeProjectDexModernDebug
> Task :app:compileModernDebugUnitTestJavaWithJavac NO-SOURCE
> Task :app:mergeModernDebugJavaResource
> Task :app:processModernDebugUnitTestJavaRes
> Task :app:compileModernDebugAndroidTestKotlin
> Task :app:testModernDebugUnitTest
> Task :app:compileModernDebugAndroidTestJavaWithJavac NO-SOURCE
> Task :app:dexBuilderModernDebugAndroidTest
> Task :app:packageModernDebug
> Task :app:createModernDebugApkListingFileRedirect
> Task :app:assembleModernDebug
> Task :app:mergeModernDebugAndroidTestGlobalSynthetics
> Task :app:processModernDebugAndroidTestJavaRes
> Task :app:mergeProjectDexModernDebugAndroidTest
> Task :app:mergeModernDebugAndroidTestJavaResource
> Task :app:packageModernDebugAndroidTest
> Task :app:createModernDebugAndroidTestApkListingFileRedirect
> Task :app:assembleModernDebugAndroidTest

BUILD SUCCESSFUL in 4m 9s
69 actionable tasks: 69 executed
