Synced APK: /home/puzzleduck/x/android-mixtape/.work/card-4834/back-fix/tree/app/build/intermediates/apk/modern/debug/app-modern-debug.apk -> kunlun.local:/home/puzzleduck/x/remote-mixtape-testing/android-mixtape-modern-debug.apk
Emulator boot completed: emulator-5554
Performing Streamed Install
adb: failed to install /home/puzzleduck/x/remote-mixtape-testing/android-mixtape-modern-debug.apk: Failure [INSTALL_FAILED_TEST_ONLY: installPackageLI]

Synced APK: /home/puzzleduck/x/android-mixtape/.work/card-4834/back-fix/tree/app/build/intermediates/apk/modern/debug/app-modern-debug.apk -> kunlun.local:/home/puzzleduck/x/remote-mixtape-testing/android-mixtape-modern-debug.apk
Performing Streamed Install
Success
    mResumedActivity: ActivityRecord{a109a4 u0 org.puzzleduck.mixtape/com.example.androidmixtape.MainActivity t458}
Saved screenshot: .work/card-4834/back-fix/launched.png
Synced APK: /home/puzzleduck/x/android-mixtape/.work/card-4834/back-fix/tree/app/build/intermediates/apk/modern/debug/app-modern-debug.apk -> kunlun.local:/home/puzzleduck/x/remote-mixtape-testing/android-mixtape-modern-debug.apk
Performing Streamed Install
Success
Warning: Activity not started, its current task has been brought to the front
    mResumedActivity: ActivityRecord{a109a4 u0 org.puzzleduck.mixtape/com.example.androidmixtape.MainActivity t458}
Saved screenshot: .work/card-4834/back-fix/reinstalled.png
Synced APK: /home/puzzleduck/x/android-mixtape/.work/card-4834/back-fix/tree/app/build/intermediates/apk/modern/debug/app-modern-debug.apk -> kunlun.local:/home/puzzleduck/x/remote-mixtape-testing/android-mixtape-modern-debug.apk
Performing Streamed Install
Success
    mResumedActivity: ActivityRecord{207c415 u0 com.example.androidmixtape/.MainActivity t460}
Saved screenshot: .work/card-4834/back-fix/scoped-launch.png
