> Task :app:preBuild UP-TO-DATE
> Task :app:preModernDebugBuild UP-TO-DATE
> Task :app:mergeModernDebugNativeDebugMetadata NO-SOURCE
> Task :app:checkKotlinGradlePluginConfigurationErrors SKIPPED
> Task :app:checkModernDebugAarMetadata UP-TO-DATE
> Task :app:generateModernDebugResValues UP-TO-DATE
> Task :app:mapModernDebugSourceSetPaths UP-TO-DATE
> Task :app:generateModernDebugResources UP-TO-DATE
> Task :app:mergeModernDebugResources UP-TO-DATE
> Task :app:packageModernDebugResources UP-TO-DATE
> Task :app:parseModernDebugLocalResources UP-TO-DATE
> Task :app:createModernDebugCompatibleScreenManifests UP-TO-DATE
> Task :app:extractDeepLinksModernDebug UP-TO-DATE
> Task :app:processModernDebugMainManifest UP-TO-DATE
> Task :app:processModernDebugManifest UP-TO-DATE
> Task :app:processModernDebugManifestForPackage UP-TO-DATE
> Task :app:processModernDebugResources UP-TO-DATE
> Task :app:javaPreCompileModernDebug UP-TO-DATE
> Task :app:mergeModernDebugShaders UP-TO-DATE
> Task :app:compileModernDebugShaders NO-SOURCE
> Task :app:generateModernDebugAssets UP-TO-DATE
> Task :app:mergeModernDebugAssets UP-TO-DATE
> Task :app:compressModernDebugAssets UP-TO-DATE
> Task :app:checkModernDebugDuplicateClasses UP-TO-DATE
> Task :app:desugarModernDebugFileDependencies UP-TO-DATE
> Task :app:mergeExtDexModernDebug UP-TO-DATE
> Task :app:mergeLibDexModernDebug UP-TO-DATE
> Task :app:mergeModernDebugJniLibFolders UP-TO-DATE
> Task :app:mergeModernDebugNativeLibs UP-TO-DATE
> Task :app:stripModernDebugDebugSymbols UP-TO-DATE
> Task :app:validateSigningModernDebug UP-TO-DATE
> Task :app:writeModernDebugAppMetadata UP-TO-DATE
> Task :app:writeModernDebugSigningConfigVersions UP-TO-DATE
> Task :app:compileModernDebugKotlin
> Task :app:compileModernDebugJavaWithJavac NO-SOURCE
> Task :app:dexBuilderModernDebug
> Task :app:mergeModernDebugGlobalSynthetics UP-TO-DATE
> Task :app:processModernDebugJavaRes UP-TO-DATE
> Task :app:mergeModernDebugJavaResource UP-TO-DATE
> Task :app:mergeProjectDexModernDebug
> Task :app:packageModernDebug
> Task :app:createModernDebugApkListingFileRedirect
> Task :app:assembleModernDebug

BUILD SUCCESSFUL in 20s
35 actionable tasks: 5 executed, 30 up-to-date
