To honour the JVM settings for this build a single-use Daemon process will be forked. For more on this, please refer to https://docs.gradle.org/8.13/userguide/gradle_daemon.html#sec:disabling_the_daemon in the Gradle documentation.
Daemon will be stopped at the end of the build 
> Task :app:preBuild UP-TO-DATE
> Task :app:preModernDebugBuild UP-TO-DATE
> Task :app:mergeModernDebugNativeDebugMetadata NO-SOURCE
> Task :app:checkKotlinGradlePluginConfigurationErrors SKIPPED
> Task :app:checkModernDebugAarMetadata UP-TO-DATE
> Task :app:processModernDebugNavigationResources UP-TO-DATE
> Task :app:compileModernDebugNavigationResources UP-TO-DATE
> Task :app:generateModernDebugResValues UP-TO-DATE
> Task :app:mapModernDebugSourceSetPaths UP-TO-DATE
> Task :app:generateModernDebugResources UP-TO-DATE
> Task :app:mergeModernDebugResources UP-TO-DATE
> Task :app:packageModernDebugResources UP-TO-DATE
> Task :app:parseModernDebugLocalResources UP-TO-DATE
> Task :app:createModernDebugCompatibleScreenManifests UP-TO-DATE
> Task :app:extractDeepLinksModernDebug UP-TO-DATE
> Task :app:processModernDebugMainManifest UP-TO-DATE
> Task :app:processModernDebugManifest UP-TO-DATE
> Task :app:processModernDebugManifestForPackage UP-TO-DATE
> Task :app:processModernDebugResources UP-TO-DATE
> Task :app:javaPreCompileModernDebug UP-TO-DATE
> Task :app:mergeModernDebugShaders UP-TO-DATE
> Task :app:compileModernDebugShaders NO-SOURCE
> Task :app:generateModernDebugAssets UP-TO-DATE
> Task :app:mergeModernDebugAssets UP-TO-DATE
> Task :app:compressModernDebugAssets UP-TO-DATE
> Task :app:checkModernDebugDuplicateClasses UP-TO-DATE
> Task :app:desugarModernDebugFileDependencies UP-TO-DATE
> Task :app:mergeExtDexModernDebug UP-TO-DATE
> Task :app:mergeLibDexModernDebug UP-TO-DATE
> Task :app:mergeModernDebugJniLibFolders UP-TO-DATE
> Task :app:mergeModernDebugNativeLibs UP-TO-DATE
> Task :app:stripModernDebugDebugSymbols UP-TO-DATE
> Task :app:validateSigningModernDebug UP-TO-DATE
> Task :app:writeModernDebugAppMetadata UP-TO-DATE
> Task :app:writeModernDebugSigningConfigVersions UP-TO-DATE
> Task :app:preModernDebugUnitTestBuild UP-TO-DATE
> Task :app:javaPreCompileModernDebugUnitTest UP-TO-DATE
> Task :app:packageModernDebugUnitTestForUnitTest UP-TO-DATE
> Task :app:processModernDebugUnitTestManifest UP-TO-DATE
> Task :app:generateModernDebugUnitTestConfig UP-TO-DATE
> Task :app:preModernDebugAndroidTestBuild SKIPPED
> Task :app:generateModernDebugAndroidTestResValues UP-TO-DATE
> Task :app:extractProguardFiles UP-TO-DATE
> Task :app:compileModernDebugKotlin
> Task :app:compileModernDebugJavaWithJavac NO-SOURCE
> Task :app:dexBuilderModernDebug
> Task :app:mergeModernDebugGlobalSynthetics UP-TO-DATE
> Task :app:processModernDebugJavaRes UP-TO-DATE
> Task :app:mergeModernDebugJavaResource UP-TO-DATE
> Task :app:bundleModernDebugClassesToRuntimeJar
> Task :app:mergeProjectDexModernDebug
> Task :app:bundleModernDebugClassesToCompileJar
> Task :app:packageModernDebug
> Task :app:createModernDebugApkListingFileRedirect UP-TO-DATE
> Task :app:assembleModernDebug
> Task :app:generateModernDebugAndroidTestLintModel
> Task :app:generateModernDebugLintReportModel
> Task :app:generateModernDebugUnitTestLintModel
> Task :app:compileModernDebugUnitTestKotlin
> Task :app:lintAnalyzeModernDebug
> Task :app:compileModernDebugUnitTestJavaWithJavac NO-SOURCE
> Task :app:processModernDebugUnitTestJavaRes UP-TO-DATE

> Task :app:testModernDebugUnitTest

MediaNotificationNavigationContractTest > activityHandlesColdAndWarmNotificationLaunches FAILED
    java.lang.AssertionError at MediaNotificationNavigationContractTest.kt:21

336 tests completed, 1 failed

> Task :app:testModernDebugUnitTest FAILED

FAILURE: Build failed with an exception.

* What went wrong:
Execution failed for task ':app:testModernDebugUnitTest'.
> There were failing tests. See the report at: file:///home/puzzleduck/x/android-mixtape/app/build/reports/tests/testModernDebugUnitTest/index.html

* Try:
> Run with --scan to get full insights.

BUILD FAILED in 10m 56s
52 actionable tasks: 12 executed, 40 up-to-date
